Let me work through this step by step.

First, let's parse the given information:
- The man has no brothers or sisters (so he is an only child)
- "this man's father" = "my father's son"

Since the man has no siblings, his father's only son is himself. Therefore:
- "my father's son" = the man
- "this man's father" = the man

But wait - that would mean he's looking at a portrait of himself, which doesn't make sense in context.

Let me reconsider the wording carefully: 
"My father's son" can be interpreted as the only son of my father. Since I have no brothers or sisters, and I am also the son of my father, then "my father's son" = me.
So if "this man's father is my father's son", it means "this man's father = me".

If this man's father is him (the speaker), then this man must be his son.

The answer is: The portrait shows the man's son.

This works because:
1. The man has no brothers or sisters, so he is an only child
2. His father's only son is himself 
3. So "this man's father" = "my father's son" = the speaker (himself)
4. This means the portrait shows his own son
The man in the portrait is his son.

Here's the reasoning:
1. The man has no brothers or sisters, so he is an only child
2. "My father's son" can only be the man himself (since he has no siblings)
3. Therefore, "this man's father" = "my father's son" = the man
4. If this man's father is the speaker, then this man must be his son

The puzzle plays on the ambiguity of "my father's son" - since the man has no siblings, his father's only son is himself. So he's looking at a portrait of his own son.
